load_module /opt/datadog-nginx/ngx_http_datadog_module.so;
user  nginx;
worker_processes  auto;

error_log  /var/log/nginx/error.log notice;
pid        /var/run/nginx.pid;


events {
    worker_connections  1024;
}


http {
    datadog_agent_url http://localhost:8126;

    # Disable APM Tracing. Remove the next line to enable APM Tracing.
    datadog_tracing off;

    # Enable RUM Injection
    datadog_rum on;

    datadog_rum_config "v5" {
        "applicationId" "ffffffff-ffff-ffff-ffff-ffffffffffff";
        "clientToken" "pubffffffffffffffffffffffffffffffff";
        "site" "datadoghq.com";
        "sessionSampleRate" "49";
        "sessionReplaySampleRate" "51";
    }

    include       /etc/nginx/mime.types;
    default_type  application/octet-stream;

    log_format  main  '$remote_addr - $remote_user [$time_local] "$request" '
                      '$status $body_bytes_sent "$http_referer" '
                      '"$http_user_agent" "$http_x_forwarded_for"';

    access_log  /var/log/nginx/access.log  main;

    sendfile        on;
    #tcp_nopush     on;

    keepalive_timeout  65;

    #gzip  on;

    include /etc/nginx/conf.d/*.conf;
}
